- hash: 248f7c7c43fe8404e9dd5cfc2e42e11436362b8d930997bc4ab18e709d5f19afe05b78cac897017386559d746af64e8f598e787252dea5b4f229f12bb82bf140
  type: teardown-aborted
- hash: 2509e083fcef685855a56a33cb57eaa4ca1d044473e83373043453c5ab387246fb9fa17b8707961c79053935d68243a47cb49a9d08bb80cb90b2f12d59fe99d9
  head: <>
  type: stall-for-cleanup
- good: /build/resources/temporary/0000000000000030
  hash: 2509e083fcef685855a56a33cb57eaa4ca1d044473e83373043453c5ab387246fb9fa17b8707961c79053935d68243a47cb49a9d08bb80cb90b2f12d59fe99d9
  type: teardown-final
- hash: 2509e083fcef685855a56a33cb57eaa4ca1d044473e83373043453c5ab387246fb9fa17b8707961c79053935d68243a47cb49a9d08bb80cb90b2f12d59fe99d9
  type: teardown-aborted
