- creation-time: "1755894671"
  hash: eacd1c895775dfb61dfa0ea4672fea51f0deb42f0a9fc820bc450fdd1e23d379
  has-standard-input: "true"
  init-application: /nix/store/9042dqvj2fhnsdg9pkhia4pz1b7b013n-init-application/bin/init-application
  links: ""
  release-application: "null"
  standard-error: ""
  standard-input: 91caebc6ea3ebe5b76e58d6ff22741badf8f57abf854235f20e0850d2aa310e98a8ce80eb5ed97b99c434380c6fd48a0631066cd5d3cb42ac3076de11ccf3d80
  standard-output: |-
    0222ce319d2c8cbafe6848639aa582f0479199e8e4e4bda8e6efd915e0113d465b77c1a1a9e6984767c9267e6ebab96e4f3ffb930a83d773533985605584a1c7
    254e430b0d85bf0f03e2cee73734901ac0c6cd6cac0b01522e24ed87efe588b019d82a5edc544de48c72600cffe04836fadaa8b0f4654f1b8a0dfbe2a5b033a0 /dev/null
  status: "0"
  transient: ""
  type: good
- creation-time: "1755894671"
  hash: eacd1c895775dfb61dfa0ea4672fea51f0deb42f0a9fc820bc450fdd1e23d379
  originator-pid: "38"
  type: stall-for-process
