- arguments:
    - ""
  has-standard-input: "true"
  hash: 42e774e3ba2e96c777071cd0092dfb692421733b8aeffd3487dd4872f03683d3d43c84af042d5f976fb83d3c05e941f0edef6a7ed627be8acf050f8ae3c63590
  mount-index: "0000000000000006"
  standard-input: ""
  type: recovery
-
