- hash: 616e406c486a87714d236206cb934d85ad2f4a9acf2e839e39e7253bd601b8fbcb7aaee02e31deb326940c8d6d920b2ce93769e0ffa3cc592dcccf3a3467d2ef
  has-standard-input: "true"
  init-application: /nix/store/m8v49q6cgipwd9knnfcdx5qaqgmwx972-init-application/bin/init-application
  links: |
    /build/resources/links/0000000000000002/setup
  mount: /build/resources/mounts/0000000000000002
  release-application: /nix/store/g1b7gasv2mcb134rc538yd8mwrqzbj7c-release-application/bin/release-application
  standard-error: ""
  standard-input: 91caebc6ea3ebe5b76e58d6ff22741badf8f57abf854235f20e0850d2aa310e98a8ce80eb5ed97b99c434380c6fd48a0631066cd5d3cb42ac3076de11ccf3d80
  standard-output: 0222ce319d2c8cbafe6848639aa582f0479199e8e4e4bda8e6efd915e0113d465b77c1a1a9e6984767c9267e6ebab96e4f3ffb930a83d773533985605584a1c7
  status: "0"
  transient: ""
  type: good
- hash: 616e406c486a87714d236206cb934d85ad2f4a9acf2e839e39e7253bd601b8fbcb7aaee02e31deb326940c8d6d920b2ce93769e0ffa3cc592dcccf3a3467d2ef
  originator-pid: "53"
  type: stall-for-process
- hash: 616e406c486a87714d236206cb934d85ad2f4a9acf2e839e39e7253bd601b8fbcb7aaee02e31deb326940c8d6d920b2ce93769e0ffa3cc592dcccf3a3467d2ef
  head: <>
  type: stall-for-cleanup
- good: /build/resources/temporary/0000000000000013
  hash: 616e406c486a87714d236206cb934d85ad2f4a9acf2e839e39e7253bd601b8fbcb7aaee02e31deb326940c8d6d920b2ce93769e0ffa3cc592dcccf3a3467d2ef
  type: teardown-final
- hash: 616e406c486a87714d236206cb934d85ad2f4a9acf2e839e39e7253bd601b8fbcb7aaee02e31deb326940c8d6d920b2ce93769e0ffa3cc592dcccf3a3467d2ef
  type: teardown-aborted
