- hash: bab487b5350b50965b55340e11437730ff3963b61d82ac3bdc21f205994594e3a38790dae10bc918c82be720eca0895025819460282ba32a503bb0eef14503f1
  head: <>
  type: stall-for-cleanup
- good: /build/resources/temporary/0000000000000029
  hash: bab487b5350b50965b55340e11437730ff3963b61d82ac3bdc21f205994594e3a38790dae10bc918c82be720eca0895025819460282ba32a503bb0eef14503f1
  type: teardown-final
- hash: bab487b5350b50965b55340e11437730ff3963b61d82ac3bdc21f205994594e3a38790dae10bc918c82be720eca0895025819460282ba32a503bb0eef14503f1
  type: teardown-aborted
