- arguments:
    - 2e47fd27a17063c94597b1582090b779d761d326d54784a19f3381953d37e1c7d1606cf96139f1d9aa1b9fad63868bc90fe9179d62e70e95d67a62df61a0c917
    - 1eee5f23d9b8a698d78699954c0d2983a4b871461b738bd72eaa616a52d12fa38a8fc72ffc5d45b946ec5c4b55c36a26896a0901532852650af133f3493f1bbf
  description:
    - path: []
      type: set
      value:
        buildFHSUserEnv:
          - path:
              - buildFHSUserEnv
            type: set
            value:
              __functionArgs:
                - path:
                    - buildFHSUserEnv
                    - __functionArgs
                  type: set
                  value:
                    dieWithParent:
                      - path:
                          - buildFHSUserEnv
                          - __functionArgs
                          - dieWithParent
                        type: bool
                        value: true
                    extraBwrapArgs:
                      - path:
                          - buildFHSUserEnv
                          - __functionArgs
                          - extraBwrapArgs
                        type: bool
                        value: true
                    extraInstallCommands:
                      - path:
                          - buildFHSUserEnv
                          - __functionArgs
                          - extraInstallCommands
                        type: bool
                        value: true
                    meta:
                      - path:
                          - buildFHSUserEnv
                          - __functionArgs
                          - meta
                        type: bool
                        value: true
                    name:
                      - path:
                          - buildFHSUserEnv
                          - __functionArgs
                          - name
                        type: bool
                        value: true
                    passthru:
                      - path:
                          - buildFHSUserEnv
                          - __functionArgs
                          - passthru
                        type: bool
                        value: true
                    pname:
                      - path:
                          - buildFHSUserEnv
                          - __functionArgs
                          - pname
                        type: bool
                        value: true
                    runScript:
                      - path:
                          - buildFHSUserEnv
                          - __functionArgs
                          - runScript
                        type: bool
                        value: true
                    unshareCgroup:
                      - path:
                          - buildFHSUserEnv
                          - __functionArgs
                          - unshareCgroup
                        type: bool
                        value: true
                    unshareIpc:
                      - path:
                          - buildFHSUserEnv
                          - __functionArgs
                          - unshareIpc
                        type: bool
                        value: true
                    unshareNet:
                      - path:
                          - buildFHSUserEnv
                          - __functionArgs
                          - unshareNet
                        type: bool
                        value: true
                    unsharePid:
                      - path:
                          - buildFHSUserEnv
                          - __functionArgs
                          - unsharePid
                        type: bool
                        value: true
                    unshareUser:
                      - path:
                          - buildFHSUserEnv
                          - __functionArgs
                          - unshareUser
                        type: bool
                        value: true
                    unshareUts:
                      - path:
                          - buildFHSUserEnv
                          - __functionArgs
                          - unshareUts
                        type: bool
                        value: true
                    version:
                      - path:
                          - buildFHSUserEnv
                          - __functionArgs
                          - version
                        type: bool
                        value: true
              __functor:
                - path:
                    - buildFHSUserEnv
                    - __functor
                  type: lambda
                  value: null
              override:
                - path:
                    - buildFHSUserEnv
                    - override
                  type: set
                  value:
                    __functionArgs:
                      - path:
                          - buildFHSUserEnv
                          - override
                          - __functionArgs
                        type: set
                        value:
                          bubblewrap:
                            - path:
                                - buildFHSUserEnv
                                - override
                                - __functionArgs
                                - bubblewrap
                              type: bool
                              value: false
                          callPackage:
                            - path:
                                - buildFHSUserEnv
                                - override
                                - __functionArgs
                                - callPackage
                              type: bool
                              value: false
                          coreutils:
                            - path:
                                - buildFHSUserEnv
                                - override
                                - __functionArgs
                                - coreutils
                              type: bool
                              value: false
                          glibc:
                            - path:
                                - buildFHSUserEnv
                                - override
                                - __functionArgs
                                - glibc
                              type: bool
                              value: false
                          lib:
                            - path:
                                - buildFHSUserEnv
                                - override
                                - __functionArgs
                                - lib
                              type: bool
                              value: false
                          pkgsi686Linux:
                            - path:
                                - buildFHSUserEnv
                                - override
                                - __functionArgs
                                - pkgsi686Linux
                              type: bool
                              value: false
                          runCommandLocal:
                            - path:
                                - buildFHSUserEnv
                                - override
                                - __functionArgs
                                - runCommandLocal
                              type: bool
                              value: false
                          stdenv:
                            - path:
                                - buildFHSUserEnv
                                - override
                                - __functionArgs
                                - stdenv
                              type: bool
                              value: false
                          writeShellScript:
                            - path:
                                - buildFHSUserEnv
                                - override
                                - __functionArgs
                                - writeShellScript
                              type: bool
                              value: false
                    __functor:
                      - path:
                          - buildFHSUserEnv
                          - override
                          - __functor
                        type: lambda
                        value: null
        coreutils:
          - path:
              - coreutils
            type: set
            value:
              - path:
                  - coreutils
                  - outPath
                type: string
                value: /nix/store/jy06yi9z3vkn8w5zz84azhgb8n7gk8sh-coreutils-9.3
        findutils:
          - path:
              - findutils
            type: set
            value:
              - path:
                  - findutils
                  - outPath
                type: string
                value: /nix/store/gbi8105qpl2r7h56h4cqwbzmhl9idz3z-findutils-4.9.0
        flock:
          - path:
              - flock
            type: set
            value:
              - path:
                  - flock
                  - outPath
                type: string
                value: /nix/store/wnqkv10zlj75v1wg1d2j6l5k91p7jaiv-flock-0.4.0
        gawk:
          - path:
              - gawk
            type: set
            value:
              - path:
                  - gawk
                  - outPath
                type: string
                value: /nix/store/8am2dygc7fnqmwjq9hr2fbbxf3mqp5bk-gawk-5.2.2
        init:
          - path:
              - init
            type: lambda
            value: null
        inotify-tools:
          - path:
              - inotify-tools
            type: set
            value:
              - path:
                  - inotify-tools
                  - outPath
                type: string
                value: /nix/store/swij9l4qkiylhf5vjvkgamzvyr9cs6cv-inotify-tools-4.23.9.0
        jq:
          - path:
              - jq
            type: set
            value:
              - path:
                  - jq
                  - outPath
                type: string
                value: /nix/store/zcsw4ams0imnj7d3kpswiwwjkp3jqaq1-jq-1.7.1-bin
        makeBinPath:
          - path:
              - makeBinPath
            type: lambda
            value: null
        makeWrapper:
          - path:
              - makeWrapper
            type: set
            value:
              - path:
                  - makeWrapper
                  - outPath
                type: string
                value: /nix/store/9a184znvryzm5fag8lmdhavjx14kbpp8-make-shell-wrapper-hook
        mkDerivation:
          - path:
              - mkDerivation
            type: lambda
            value: null
        ps:
          - path:
              - ps
            type: set
            value:
              - path:
                  - ps
                  - outPath
                type: string
                value: /nix/store/56giw376yfw33v2wpsk6igbs0jk1ac1a-ps-procps-3.3.17
        release:
          - path:
              - release
            type: string
            value: /nix/store/d71ml8r405l90ll782kdp9ia6gnmlibr-release/bin/release
        resources-directory:
          - path:
              - resources-directory
            type: string
            value: /build/resources
        targets:
          - path:
              - targets
            type: list
            value:
              - - path:
                    - targets
                    - 0
                  type: string
                  value: target
        testing-locks:
          - path:
              - testing-locks
            type: bool
            value: true
        visitor:
          - path:
              - visitor
            type: set
            value:
              - path:
                  - visitor
                  - outPath
                type: string
                value: /nix/store/5fmpfmpz1bflajbqvf73bhywag9vwvzm-source
        writeShellApplication:
          - path:
              - writeShellApplication
            type: lambda
            value: null
        yq-go:
          - path:
              - yq-go
            type: set
            value:
              - path:
                  - yq-go
                  - outPath
                type: string
                value: /nix/store/ig74bl18mcmc2xx74h55jfdq619h45c0-yq-go-4.40.5
  hash: 2509e083fcef685855a56a33cb57eaa4ca1d044473e83373043453c5ab387246fb9fa17b8707961c79053935d68243a47cb49a9d08bb80cb90b2f12d59fe99d9
  has-standard-input: "true"
  init-application: /nix/store/n61h994skzk9a9fdk23s05szby91x91a-init-application/bin/init-application
  links: ""
  mount: /build/resources/mounts/0000000000000002
  release-application: /nix/store/yv2svk01zi0d2484vr080zixznm95vmg-release-application/bin/release-application
  standard-error: ""
  standard-input: 91caebc6ea3ebe5b76e58d6ff22741badf8f57abf854235f20e0850d2aa310e98a8ce80eb5ed97b99c434380c6fd48a0631066cd5d3cb42ac3076de11ccf3d80
  standard-output: 0222ce319d2c8cbafe6848639aa582f0479199e8e4e4bda8e6efd915e0113d465b77c1a1a9e6984767c9267e6ebab96e4f3ffb930a83d773533985605584a1c7
  status: "0"
  transient: ""
  type: good
- hash: 2509e083fcef685855a56a33cb57eaa4ca1d044473e83373043453c5ab387246fb9fa17b8707961c79053935d68243a47cb49a9d08bb80cb90b2f12d59fe99d9
  originator-pid: "56"
  type: stall-for-process
