- arguments:
    - ""
  description:
    - path: []
      type: lambda
      value: null
  hash: 51335c106e1c5abe2bafa811ebef68bc9af147ae92c728027c87c89f5ad1bdf07e68e418b6e8560a006a59caa9479063db4f58805b66a725603f323d6846bbe8
  has-standard-input: "true"
  init-application: /nix/store/iwj76gzr7rdvr3zlagqhayizrgnc02a7-init-application/bin/init-application
  links: ""
  mount: /build/resources/mounts/0000000000000007
  release-application: /nix/store/k94dxg0pplalsxwi1mm24mzfmh135fkk-release-application/bin/release-application
  standard-error: ""
  standard-input: 91caebc6ea3ebe5b76e58d6ff22741badf8f57abf854235f20e0850d2aa310e98a8ce80eb5ed97b99c434380c6fd48a0631066cd5d3cb42ac3076de11ccf3d80
  standard-output: ""
  status: "0"
  transient: "0000000000000006"
  type: good
- hash: 51335c106e1c5abe2bafa811ebef68bc9af147ae92c728027c87c89f5ad1bdf07e68e418b6e8560a006a59caa9479063db4f58805b66a725603f323d6846bbe8
  originator-pid: "103"
  type: stall-for-process
- arguments:
    - 2e47fd27a17063c94597b1582090b779d761d326d54784a19f3381953d37e1c7d1606cf96139f1d9aa1b9fad63868bc90fe9179d62e70e95d67a62df61a0c917
    - 1eee5f23d9b8a698d78699954c0d2983a4b871461b738bd72eaa616a52d12fa38a8fc72ffc5d45b946ec5c4b55c36a26896a0901532852650af133f3493f1bbf
  description:
    - path: []
      type: lambda
      value: null
  hash: 3e405c0e156eb8bd066ea40a43f6f5069fd6b75b43f0f7446e57a1ed5cd326bd844ab5cf3f5942d47313370ae3e8ad9c1e6ca265a1f8bb8f9109c625617b0cf1
  has-standard-input: "true"
  init-application: /nix/store/slfx8g9nb6sxqd9wc972mlf97px2456c-init-application/bin/init-application
  links: ""
  mount: /build/resources/mounts/0000000000000002
  release-application: /nix/store/hjdm42jb603m56n5ixqgba4v3p8zwj3s-release-application/bin/release-application
  standard-error: ""
  standard-input: 91caebc6ea3ebe5b76e58d6ff22741badf8f57abf854235f20e0850d2aa310e98a8ce80eb5ed97b99c434380c6fd48a0631066cd5d3cb42ac3076de11ccf3d80
  standard-output: 0222ce319d2c8cbafe6848639aa582f0479199e8e4e4bda8e6efd915e0113d465b77c1a1a9e6984767c9267e6ebab96e4f3ffb930a83d773533985605584a1c7
  status: "0"
  transient: ""
  type: good
- hash: 51335c106e1c5abe2bafa811ebef68bc9af147ae92c728027c87c89f5ad1bdf07e68e418b6e8560a006a59caa9479063db4f58805b66a725603f323d6846bbe8
  head: <>
  type: stall-for-cleanup
- hash: 3e405c0e156eb8bd066ea40a43f6f5069fd6b75b43f0f7446e57a1ed5cd326bd844ab5cf3f5942d47313370ae3e8ad9c1e6ca265a1f8bb8f9109c625617b0cf1
  originator-pid: "56"
  type: stall-for-process
