- "5000"
- "5200"
- "5100"
- "5300"
- "4000"
- "7200"
- "7100"
- "7300"
