- hash: e4f94587dd0eb5a32fd247515ab1aa134babb7002eb48006c895d2aea2258bb7e623c76a7d30179af28a9bf34accd67d65250312d61f78e0cb3593b2ccb7db90
  type: stale
