- arguments:
    - ""
  has-standard-input: "true"
  hash: 2800f8960f467c7a601bc372fc6bfede82b962646b28ed7dac13af6d4d1fe338deec8bd497fbcebea78582abe645b482956e6038aaffd6572ff4a59653da4e4f
  mount-index: "0000000000000002"
  standard-input: ""
  type: recovery
-
