- hash: 42517f2153a49caa277c6f962fbf79bb3c1def1658e0be5bc6fb31141064550f7ea5468a25acbf18cfbe072f5feee736034eb84f8b48a0ccaa63b70dc26dc954
  type: stale
