- hash: 31d044ccecbfe4250d7c208f181bcd2420412cc85c8f08519292071ea714adcf
  has-standard-input: "true"
  init-application: /nix/store/734jv67zw8w9ll8ch3fy4nic3sjw2qzl-init-application/bin/init-application
  links: ""
  mount: /build/resources/mounts/00000002
  release-application: "null"
  standard-error: ""
  standard-input: 91caebc6ea3ebe5b76e58d6ff22741badf8f57abf854235f20e0850d2aa310e98a8ce80eb5ed97b99c434380c6fd48a0631066cd5d3cb42ac3076de11ccf3d80
  standard-output: 0222ce319d2c8cbafe6848639aa582f0479199e8e4e4bda8e6efd915e0113d465b77c1a1a9e6984767c9267e6ebab96e4f3ffb930a83d773533985605584a1c7
  status: "0"
  transient: ""
  type: good
- hash: 31d044ccecbfe4250d7c208f181bcd2420412cc85c8f08519292071ea714adcf
  originator-pid: "48"
  type: stall-for-process
