- hash: 0ca0653701561894eb98b299f4472e8d0d4e49fe68c06a22952ab057f0a3611b9cb9698fc67e7b2932fa39c17a96ad504080b7373839afa28a832eac1d82b81f
  has-standard-input: "true"
  init-application: /nix/store/7pa3gz62qifk3q6lh623sp52ix78d50b-init-application/bin/init-application
  links: ""
  mount: /build/resources/mounts/0000000000000002
  release-application: /nix/store/m1018qvl5h54b4l5vxnxdmlia0qap7wq-release-application/bin/release-application
  standard-error: ""
  standard-input: 91caebc6ea3ebe5b76e58d6ff22741badf8f57abf854235f20e0850d2aa310e98a8ce80eb5ed97b99c434380c6fd48a0631066cd5d3cb42ac3076de11ccf3d80
  standard-output: 0222ce319d2c8cbafe6848639aa582f0479199e8e4e4bda8e6efd915e0113d465b77c1a1a9e6984767c9267e6ebab96e4f3ffb930a83d773533985605584a1c7
  status: "0"
  transient: ""
  type: good
- hash: 0ca0653701561894eb98b299f4472e8d0d4e49fe68c06a22952ab057f0a3611b9cb9698fc67e7b2932fa39c17a96ad504080b7373839afa28a832eac1d82b81f
  originator-pid: "53"
  type: stall-for-process
