- hash: 42e774e3ba2e96c777071cd0092dfb692421733b8aeffd3487dd4872f03683d3d43c84af042d5f976fb83d3c05e941f0edef6a7ed627be8acf050f8ae3c63590
  type: teardown-aborted
- hash: 2509e083fcef685855a56a33cb57eaa4ca1d044473e83373043453c5ab387246fb9fa17b8707961c79053935d68243a47cb49a9d08bb80cb90b2f12d59fe99d9
  head: <>
  type: stall-for-cleanup
- good: /build/resources/temporary/0000000000000029
  hash: 2509e083fcef685855a56a33cb57eaa4ca1d044473e83373043453c5ab387246fb9fa17b8707961c79053935d68243a47cb49a9d08bb80cb90b2f12d59fe99d9
  type: teardown-final
- hash: 2509e083fcef685855a56a33cb57eaa4ca1d044473e83373043453c5ab387246fb9fa17b8707961c79053935d68243a47cb49a9d08bb80cb90b2f12d59fe99d9
  type: teardown-aborted
